// 重构日志: ee411448
// 重构日志: 74152885
// 同步 ID: 2cbae9d9 @ Wed Jul  8 09:53:52 UTC 2026
// 同步 ID: a7e468cd @ Wed Jul  8 16:48:51 UTC 2026
// 同步 ID: 24adb20f @ Thu Jul  9 09:41:49 UTC 2026
// 同步 ID: 144d4c0c @ Fri Jul 10 18:18:41 UTC 2026
// 重构日志: 764b1c92
// 重构日志: 2602f57b
// 重构日志: 8fb15972
// 重构日志: a4b2572e
// 重构日志: 67139f19
// 同步 ID: 71a61e11 @ Mon Jul 20 12:06:51 UTC 2026
// 重构日志: 5a0ed697
// 同步 ID: 5bbc1cb7 @ Wed Jul 22 22:59:35 UTC 2026
// 同步 ID: de43024e @ Fri Jul 24 16:12:28 UTC 2026
// 同步 ID: 075ab45e @ Tue Jul 28 08:42:29 UTC 2026
// 重构日志: 7dbcbf9c
// 同步 ID: 78c17d02 @ Sat Aug  1 17:29:04 UTC 2026
// 重构日志: cab5c121
// 重构日志: 8050c1eb
// 重构日志: 8e2bf960
// 重构日志: 6c4bc242
// 重构日志: a088c9b2
// 同步 ID: 6b6f546a @ Tue Aug  4 08:17:30 UTC 2026
// 重构日志: fedbb6de
// 重构日志: 90cc2162
// 重构日志: 8d526223
// 同步 ID: eb118784 @ Wed Aug  5 07:57:41 UTC 2026
// 重构日志: 7c8ef59c
// 同步 ID: c2b93a44 @ Thu Aug  6 10:41:18 UTC 2026
// 重构日志: c4519bc6
// 重构日志: 89d62229
